[bead.inf.elte.hu/files/java/championship/doc/index.html]
[backblue.gif]
[fade.gif]
[index.html]
[bead.inf.elte.hu/files/java/championship/doc/overview-frame.html]
[bead.inf.elte.hu/files/java/championship/doc/allclasses-frame.html]
[bead.inf.elte.hu/files/java/championship/doc/index.html]
[bead.inf.elte.hu/files/java/championship/doc/overview-summary.html]
[bead.inf.elte.hu/files/java/championship/doc/stylesheet.css]
[bead.inf.elte.hu/files/java/championship/doc/script.js]
[bead.inf.elte.hu/files/java/championship/doc/championships/results/package-frame.html]
[bead.inf.elte.hu/files/java/championship/doc/overview-frame.html]
[bead.inf.elte.hu/files/java/championship/doc/championships/results/ranking/package-frame.html]
[bead.inf.elte.hu/files/java/championship/doc/championships/results/Factory.html]
[bead.inf.elte.hu/files/java/championship/doc/championships/results/ranking/Medals.html]
[bead.inf.elte.hu/files/java/championship/doc/championships/results/Participant.html]
[bead.inf.elte.hu/files/java/championship/doc/championships/results/ranking/Ranking.html]
[bead.inf.elte.hu/files/java/championship/doc/championships/results/Results.html]
[bead.inf.elte.hu/files/java/championship/doc/allclasses-frame.html]
[bead.inf.elte.hu/files/java/championship/doc/overview-tree.html]
[bead.inf.elte.hu/files/java/championship/doc/deprecated-list.html]
[bead.inf.elte.hu/files/java/championship/doc/index-all.html]
[bead.inf.elte.hu/files/java/championship/doc/help-doc.html]
[bead.inf.elte.hu/files/java/championship/doc/indexe0d5.html]
[bead.inf.elte.hu/files/java/championship/doc/allclasses-noframe.html]
[bead.inf.elte.hu/files/java/championship/doc/championships/results/package-summary.html]
[bead.inf.elte.hu/files/java/championship/doc/overview-summary.html]
[bead.inf.elte.hu/files/java/championship/doc/championships/results/ranking/package-summary.html]
[bead.inf.elte.hu/files/java/championship/doc/stylesheet.css]
[bead.inf.elte.hu/files/java/championship/doc/championships/results/package-frame.html]
[bead.inf.elte.hu/files/java/championship/doc/championships/results/ranking/package-frame.html]
[bead.inf.elte.hu/files/java/championship/doc/championships/results/package-tree.html]
[bead.inf.elte.hu/files/java/championship/doc/championships/results/Factory.html]
[bead.inf.elte.hu/files/java/championship/doc/indexa824.html]
[bead.inf.elte.hu/files/java/championship/doc/championships/results/ranking/package-tree.html]
[bead.inf.elte.hu/files/java/championship/doc/championships/results/ranking/Medals.html]
[bead.inf.elte.hu/files/java/championship/doc/index94a5.html]
[bead.inf.elte.hu/files/java/championship/doc/championships/results/Participant.html]
[bead.inf.elte.hu/files/java/championship/doc/index1f06.html]
[bead.inf.elte.hu/files/java/championship/doc/championships/results/ranking/Ranking.html]
[bead.inf.elte.hu/files/java/championship/doc/indexb74d.html]
[bead.inf.elte.hu/files/java/championship/doc/championships/results/Results.html]
[bead.inf.elte.hu/files/java/championship/doc/index65e2.html]
[bead.inf.elte.hu/files/java/championship/doc/overview-tree.html]
[bead.inf.elte.hu/files/java/championship/doc/indexcaf2.html]
[bead.inf.elte.hu/files/java/championship/doc/deprecated-list.html]
[bead.inf.elte.hu/files/java/championship/doc/index94a5-2.html]
[bead.inf.elte.hu/files/java/championship/doc/index-all.html]
[bead.inf.elte.hu/files/java/championship/doc/indexfcc0.html]
[bead.inf.elte.hu/files/java/championship/doc/indexb46a.html]
[bead.inf.elte.hu/files/java/championship/doc/help-doc.html]
[bead.inf.elte.hu/files/java/championship/doc/indexe0d5.html]
[bead.inf.elte.hu/files/java/championship/doc/allclasses-noframe.html]
[bead.inf.elte.hu/files/java/championship/doc/constant-values.html]
[bead.inf.elte.hu/files/java/championship/doc/championships/results/package-summary.html]
[bead.inf.elte.hu/files/java/championship/doc/index8792.html]
[bead.inf.elte.hu/files/java/championship/doc/championships/results/ranking/package-summary.html]
[bead.inf.elte.hu/files/java/championship/doc/resources/fonts/dejavu.html]
[bead.inf.elte.hu/files/java/championship/doc/index0f76.html]
[bead.inf.elte.hu/files/java/championship/doc/championships/results/package-tree.html]
[bead.inf.elte.hu/files/java/championship/doc/indexa824.html]
[bead.inf.elte.hu/files/java/championship/doc/indexb029.html]
[bead.inf.elte.hu/files/java/championship/doc/championships/results/ranking/package-tree.html]
[bead.inf.elte.hu/files/java/championship/doc/index94a5.html]
[bead.inf.elte.hu/files/java/championship/doc/index1f06.html]
[bead.inf.elte.hu/files/java/championship/doc/indexb74d.html]
[bead.inf.elte.hu/files/java/championship/doc/index65e2.html]
[bead.inf.elte.hu/files/java/championship/doc/indexcaf2.html]
[bead.inf.elte.hu/files/java/championship/doc/index94a5-2.html]
[bead.inf.elte.hu/files/java/championship/doc/indexfcc0.html]
[bead.inf.elte.hu/files/java/championship/doc/indexb46a.html]
[bead.inf.elte.hu/files/java/championship/doc/indexb1f6.html]
[bead.inf.elte.hu/files/java/championship/doc/constant-values.html]
[bead.inf.elte.hu/files/java/championship/doc/index8792.html]
[bead.inf.elte.hu/files/java/championship/doc/index0f76.html]
[bead.inf.elte.hu/files/java/championship/doc/indexb029.html]
[bead.inf.elte.hu/files/java/championship/doc/indexb1f6.html]
[bead.inf.elte.hu/files/java/championship/doc/indexd866.html]
[bead.inf.elte.hu/files/java/championship/doc/indexd866.html]
